
> be4l-v0.6@0.0.0 build
> vite build

[36mvite v6.4.1 [32mbuilding for production...[36m[39m
transforming...
node.exe : 
At line:1 char:1
+ & "C:\Program 
Files\nodejs/node.exe" 
"C:\Program 
Files\nodejs/node_mo ...
+ ~~~~~~~~~~~~~~~~~~~~~~~~~~
~~~~~~~~~~~~~~~~~~~~~~~~~~~~
~~~~~~~~~~~~~~~
    + CategoryInfo          
    : NotSpecified: (:Stri  
  ng) [], RemoteException
    + FullyQualifiedErrorId 
    : NativeCommandError
 
[1m[33mwarn[39m[22m - 
Your `content` 
configuration includes a 
pattern which looks like 
it's accidentally matching 
all of `node_modules` and 
can cause serious 
performance issues.
[1m[33mwarn[39m[22m - 
Pattern: `./**\*.ts`
[1m[33mwarn[39m[22m - 
See our documentation for 
recommendations:
[1m[33mwarn[39m[22m - ht
tps://tailwindcss.com/docs/c
ontent-configuration#pattern
-recommendations
[32mΓ£ô[39m 1722 modules transformed.
[31mΓ£ù[39m Build failed 
in 25.66s
[31merror during build:
[31m[vite:esbuild] 
Transform failed with 1 
error:
C:/Users/Acer/Desktop/Be4L-W
eb/components/AuthScreen.tsx
:151:12: ERROR: Expected 
")" but found "{"[31m
file: [36mC:/Users/Acer/Des
ktop/Be4L-Web/components/Aut
hScreen.tsx:151:12[31m
[33m
[33mExpected ")" but found 
"{"[33m
149|          </div>
150|  
151|              {/* Right 
Side: Small Minimalistic 
Auth Box */ }
   |              ^
152|      <div 
className="flex-1 
lg:flex-none lg:w-[480px] 
flex items-center 
justify-center 
lg:justify-end p-4 md:p-10 
relative">
153|  
[31m
    at failureErrorWithLog (
C:\Users\Acer\Desktop\Be4L-W
eb\node_modules\esbuild\lib\
main.js:1467:15)
    at C:\Users\Acer\Desktop
\Be4L-Web\node_modules\esbui
ld\lib\main.js:736:50
    at responseCallbacks.<co
mputed> (C:\Users\Acer\Deskt
op\Be4L-Web\node_modules\esb
uild\lib\main.js:603:9)
    at handleIncomingPacket 
(C:\Users\Acer\Desktop\Be4L-
Web\node_modules\esbuild\lib
\main.js:658:12)
    at 
Socket.readFromStdout (C:\Us
ers\Acer\Desktop\Be4L-Web\no
de_modules\esbuild\lib\main.
js:581:7)
    at Socket.emit 
(node:events:508:28)
    at addChunk (node:intern
al/streams/readable:559:12)
    at readableAddChunkPushB
yteMode (node:internal/strea
ms/readable:510:3)
    at Readable.push (node:i
nternal/streams/readable:390
:5)
    at Pipe.onStreamRead (no
de:internal/stream_base_comm
ons:189:23)[39m
