components/Dibs/BookingModal.tsx(560,14): error TS17008: JSX element 'motion.div' has no corresponding closing tag.
components/Dibs/BookingModal.tsx(784,43): error TS17002: Expected corresponding JSX closing tag for 'motion.div'.
components/Dibs/BookingModal.tsx(969,39): error TS17015: Expected corresponding closing tag for JSX fragment.
components/Dibs/BookingModal.tsx(969,49): error TS1382: Unexpected token. Did you mean `{'>'}` or `&gt;`?
components/Dibs/BookingModal.tsx(972,31): error TS1003: Identifier expected.
components/Dibs/BookingModal.tsx(1554,23): error TS17002: Expected corresponding JSX closing tag for 'AnimatePresence'.
components/Dibs/BookingModal.tsx(1555,26): error TS1381: Unexpected token. Did you mean `{'}'}` or `&rbrace;`?
components/Dibs/BookingModal.tsx(1556,19): error TS17002: Expected corresponding JSX closing tag for 'div'.
components/Dibs/BookingModal.tsx(1558,13): error TS1005: ')' expected.
components/Dibs/BookingModal.tsx(1559,9): error TS1109: Expression expected.
components/Dibs/BookingModal.tsx(1560,5): error TS1109: Expression expected.
components/Dibs/BookingModal.tsx(1561,1): error TS1128: Declaration or statement expected.
