App.tsx(845,14): error TS17008: JSX element 'div' has no corresponding closing tag.
App.tsx(924,5): error TS1381: Unexpected token. Did you mean `{'}'}` or `&rbrace;`?
App.tsx(1088,1): error TS1381: Unexpected token. Did you mean `{'}'}` or `&rbrace;`?
App.tsx(1098,43): error TS1003: Identifier expected.
App.tsx(1099,5): error TS1005: '...' expected.
App.tsx(1099,18): error TS1005: '}' expected.
App.tsx(1099,24): error TS1382: Unexpected token. Did you mean `{'>'}` or `&gt;`?
App.tsx(1100,37): error TS1382: Unexpected token. Did you mean `{'>'}` or `&gt;`?
App.tsx(1101,33): error TS1382: Unexpected token. Did you mean `{'>'}` or `&gt;`?
App.tsx(1104,91): error TS1382: Unexpected token. Did you mean `{'>'}` or `&gt;`?
App.tsx(1105,25): error TS1382: Unexpected token. Did you mean `{'>'}` or `&gt;`?
App.tsx(1107,1): error TS1381: Unexpected token. Did you mean `{'}'}` or `&rbrace;`?
App.tsx(1107,2): error TS1382: Unexpected token. Did you mean `{'>'}` or `&gt;`?
App.tsx(1107,133): error TS1382: Unexpected token. Did you mean `{'>'}` or `&gt;`?
App.tsx(1108,5): error TS1109: Expression expected.
App.tsx(1108,49): error TS1003: Identifier expected.
App.tsx(1108,51): error TS1382: Unexpected token. Did you mean `{'>'}` or `&gt;`?
App.tsx(1114,45): error TS17008: JSX element 'HTMLDivElement' has no corresponding closing tag.
App.tsx(1117,33): error TS1382: Unexpected token. Did you mean `{'>'}` or `&gt;`?
App.tsx(1118,9): error TS1109: Expression expected.
App.tsx(1119,58): error TS1003: Identifier expected.
App.tsx(1121,43): error TS1005: '}' expected.
App.tsx(1122,9): error TS1381: Unexpected token. Did you mean `{'}'}` or `&rbrace;`?
App.tsx(1124,87): error TS1005: '}' expected.
App.tsx(1125,9): error TS1381: Unexpected token. Did you mean `{'}'}` or `&rbrace;`?
App.tsx(1127,5): error TS1381: Unexpected token. Did you mean `{'}'}` or `&rbrace;`?
App.tsx(1129,30): error TS1382: Unexpected token. Did you mean `{'>'}` or `&gt;`?
App.tsx(1130,9): error TS1109: Expression expected.
App.tsx(1131,42): error TS1003: Identifier expected.
App.tsx(1132,44): error TS1005: '}' expected.
App.tsx(1133,9): error TS1381: Unexpected token. Did you mean `{'}'}` or `&rbrace;`?
App.tsx(1133,35): error TS1382: Unexpected token. Did you mean `{'>'}` or `&gt;`?
App.tsx(1133,75): error TS1382: Unexpected token. Did you mean `{'>'}` or `&gt;`?
App.tsx(1135,45): error TS1005: '}' expected.
App.tsx(1136,9): error TS1381: Unexpected token. Did you mean `{'}'}` or `&rbrace;`?
App.tsx(1136,56): error TS1003: Identifier expected.
App.tsx(1138,44): error TS1005: '}' expected.
App.tsx(1139,9): error TS1381: Unexpected token. Did you mean `{'}'}` or `&rbrace;`?
App.tsx(1141,5): error TS1381: Unexpected token. Did you mean `{'}'}` or `&rbrace;`?
App.tsx(1143,19): error TS1382: Unexpected token. Did you mean `{'>'}` or `&gt;`?
App.tsx(1144,41): error TS1005: '}' expected.
App.tsx(1145,37): error TS1382: Unexpected token. Did you mean `{'>'}` or `&gt;`?
App.tsx(1146,13): error TS1109: Expression expected.
App.tsx(1149,9): error TS1381: Unexpected token. Did you mean `{'}'}` or `&rbrace;`?
App.tsx(1151,5): error TS1381: Unexpected token. Did you mean `{'}'}` or `&rbrace;`?
App.tsx(1208,1): error TS1381: Unexpected token. Did you mean `{'}'}` or `&rbrace;`?
App.tsx(1213,50): error TS1003: Identifier expected.
App.tsx(1214,5): error TS1005: '...' expected.
App.tsx(1214,16): error TS1005: '}' expected.
App.tsx(1214,30): error TS1382: Unexpected token. Did you mean `{'>'}` or `&gt;`?
App.tsx(1215,42): error TS1382: Unexpected token. Did you mean `{'>'}` or `&gt;`?
App.tsx(1216,25): error TS1382: Unexpected token. Did you mean `{'>'}` or `&gt;`?
App.tsx(1217,24): error TS1382: Unexpected token. Did you mean `{'>'}` or `&gt;`?
App.tsx(1219,91): error TS1382: Unexpected token. Did you mean `{'>'}` or `&gt;`?
App.tsx(1220,1): error TS1381: Unexpected token. Did you mean `{'}'}` or `&rbrace;`?
App.tsx(1220,2): error TS1382: Unexpected token. Did you mean `{'>'}` or `&gt;`?
App.tsx(1220,98): error TS1382: Unexpected token. Did you mean `{'>'}` or `&gt;`?
App.tsx(1221,5): error TS1109: Expression expected.
App.tsx(1221,48): error TS1003: Identifier expected.
App.tsx(1221,78): error TS1382: Unexpected token. Did you mean `{'>'}` or `&gt;`?
App.tsx(1223,63): error TS1003: Identifier expected.
App.tsx(1223,65): error TS1382: Unexpected token. Did you mean `{'>'}` or `&gt;`?
App.tsx(1228,50): error TS17008: JSX element 'HTMLDivElement' has no corresponding closing tag.
App.tsx(1233,34): error TS1382: Unexpected token. Did you mean `{'>'}` or `&gt;`?
App.tsx(1234,9): error TS1109: Expression expected.
App.tsx(1241,85): error TS1005: '}' expected.
App.tsx(1241,94): error TS1381: Unexpected token. Did you mean `{'}'}` or `&rbrace;`?
App.tsx(1245,26): error TS1382: Unexpected token. Did you mean `{'>'}` or `&gt;`?
App.tsx(1246,5): error TS1381: Unexpected token. Did you mean `{'}'}` or `&rbrace;`?
App.tsx(1248,19): error TS1382: Unexpected token. Did you mean `{'>'}` or `&gt;`?
App.tsx(1249,47): error TS1005: '}' expected.
App.tsx(1250,5): error TS1381: Unexpected token. Did you mean `{'}'}` or `&rbrace;`?
App.tsx(1255,53): error TS17008: JSX element 'HTMLDivElement' has no corresponding closing tag.
App.tsx(1258,33): error TS1382: Unexpected token. Did you mean `{'>'}` or `&gt;`?
App.tsx(1259,9): error TS1109: Expression expected.
App.tsx(1260,66): error TS1003: Identifier expected.
App.tsx(1261,51): error TS1005: '}' expected.
App.tsx(1262,9): error TS1381: Unexpected token. Did you mean `{'}'}` or `&rbrace;`?
App.tsx(1263,95): error TS1005: '}' expected.
App.tsx(1264,9): error TS1381: Unexpected token. Did you mean `{'}'}` or `&rbrace;`?
App.tsx(1266,5): error TS1381: Unexpected token. Did you mean `{'}'}` or `&rbrace;`?
App.tsx(1268,30): error TS1382: Unexpected token. Did you mean `{'>'}` or `&gt;`?
App.tsx(1269,9): error TS1109: Expression expected.
App.tsx(1270,50): error TS1003: Identifier expected.
App.tsx(1271,52): error TS1005: '}' expected.
App.tsx(1272,9): error TS1381: Unexpected token. Did you mean `{'}'}` or `&rbrace;`?
App.tsx(1272,35): error TS1382: Unexpected token. Did you mean `{'>'}` or `&gt;`?
App.tsx(1272,75): error TS1382: Unexpected token. Did you mean `{'>'}` or `&gt;`?
App.tsx(1273,53): error TS1005: '}' expected.
App.tsx(1274,9): error TS1381: Unexpected token. Did you mean `{'}'}` or `&rbrace;`?
App.tsx(1274,56): error TS1003: Identifier expected.
App.tsx(1275,52): error TS1005: '}' expected.
App.tsx(1276,9): error TS1381: Unexpected token. Did you mean `{'}'}` or `&rbrace;`?
App.tsx(1278,5): error TS1381: Unexpected token. Did you mean `{'}'}` or `&rbrace;`?
App.tsx(1280,38): error TS1382: Unexpected token. Did you mean `{'>'}` or `&gt;`?
App.tsx(1281,55): error TS1005: '}' expected.
App.tsx(1282,5): error TS1381: Unexpected token. Did you mean `{'}'}` or `&rbrace;`?
App.tsx(1284,19): error TS1382: Unexpected token. Did you mean `{'>'}` or `&gt;`?
App.tsx(1285,49): error TS1005: '}' expected.
App.tsx(1290,74): error TS1382: Unexpected token. Did you mean `{'>'}` or `&gt;`?
App.tsx(1292,13): error TS1109: Expression expected.
App.tsx(1295,9): error TS1381: Unexpected token. Did you mean `{'}'}` or `&rbrace;`?
App.tsx(1296,5): error TS1381: Unexpected token. Did you mean `{'}'}` or `&rbrace;`?
App.tsx(1430,1): error TS1381: Unexpected token. Did you mean `{'}'}` or `&rbrace;`?
App.tsx(1433,58): error TS1003: Identifier expected.
App.tsx(1433,60): error TS1005: '...' expected.
App.tsx(1433,67): error TS1005: '}' expected.
App.tsx(1433,73): error TS1382: Unexpected token. Did you mean `{'>'}` or `&gt;`?
App.tsx(1433,101): error TS1382: Unexpected token. Did you mean `{'>'}` or `&gt;`?
App.tsx(1433,128): error TS1382: Unexpected token. Did you mean `{'>'}` or `&gt;`?
App.tsx(1433,135): error TS1381: Unexpected token. Did you mean `{'}'}` or `&rbrace;`?
App.tsx(1433,136): error TS1382: Unexpected token. Did you mean `{'>'}` or `&gt;`?
App.tsx(1433,184): error TS1382: Unexpected token. Did you mean `{'>'}` or `&gt;`?
App.tsx(1434,5): error TS1109: Expression expected.
App.tsx(1466,1): error TS1381: Unexpected token. Did you mean `{'}'}` or `&rbrace;`?
App.tsx(1472,5): error TS1109: Expression expected.
App.tsx(1475,76): error TS17008: JSX element 'UserType' has no corresponding closing tag.
App.tsx(1477,33): error TS1382: Unexpected token. Did you mean `{'>'}` or `&gt;`?
App.tsx(1478,9): error TS1109: Expression expected.
App.tsx(1480,5): error TS1381: Unexpected token. Did you mean `{'}'}` or `&rbrace;`?
App.tsx(1483,19): error TS1382: Unexpected token. Did you mean `{'>'}` or `&gt;`?
App.tsx(1484,48): error TS1005: '}' expected.
App.tsx(1485,5): error TS1381: Unexpected token. Did you mean `{'}'}` or `&rbrace;`?
App.tsx(1487,78): error TS1003: Identifier expected.
App.tsx(1487,155): error TS1382: Unexpected token. Did you mean `{'>'}` or `&gt;`?
App.tsx(1489,78): error TS1003: Identifier expected.
App.tsx(1489,105): error TS1382: Unexpected token. Did you mean `{'>'}` or `&gt;`?
App.tsx(1495,90): error TS1003: Identifier expected.
App.tsx(1495,96): error TS1382: Unexpected token. Did you mean `{'>'}` or `&gt;`?
App.tsx(1498,89): error TS1003: Identifier expected.
App.tsx(1498,95): error TS1382: Unexpected token. Did you mean `{'>'}` or `&gt;`?
App.tsx(1501,90): error TS1003: Identifier expected.
App.tsx(1501,96): error TS1382: Unexpected token. Did you mean `{'>'}` or `&gt;`?
App.tsx(1502,108): error TS1003: Identifier expected.
App.tsx(1502,114): error TS1382: Unexpected token. Did you mean `{'>'}` or `&gt;`?
App.tsx(1505,78): error TS1003: Identifier expected.
App.tsx(1505,80): error TS1005: '...' expected.
App.tsx(1505,82): error TS1005: '}' expected.
App.tsx(1505,105): error TS1381: Unexpected token. Did you mean `{'}'}` or `&rbrace;`?
App.tsx(1505,113): error TS1382: Unexpected token. Did you mean `{'>'}` or `&gt;`?
App.tsx(1506,80): error TS1003: Identifier expected.
App.tsx(1506,157): error TS1382: Unexpected token. Did you mean `{'>'}` or `&gt;`?
App.tsx(1510,113): error TS1382: Unexpected token. Did you mean `{'>'}` or `&gt;`?
App.tsx(1514,35): error TS1382: Unexpected token. Did you mean `{'>'}` or `&gt;`?
App.tsx(1516,64): error TS1005: '}' expected.
App.tsx(1519,5): error TS1381: Unexpected token. Did you mean `{'}'}` or `&rbrace;`?
App.tsx(1521,47): error TS1382: Unexpected token. Did you mean `{'>'}` or `&gt;`?
App.tsx(1522,57): error TS1005: '}' expected.
App.tsx(1525,5): error TS1381: Unexpected token. Did you mean `{'}'}` or `&rbrace;`?
App.tsx(1527,34): error TS1382: Unexpected token. Did you mean `{'>'}` or `&gt;`?
App.tsx(1528,58): error TS1005: '}' expected.
App.tsx(1529,30): error TS1382: Unexpected token. Did you mean `{'>'}` or `&gt;`?
App.tsx(1530,5): error TS1381: Unexpected token. Did you mean `{'}'}` or `&rbrace;`?
App.tsx(1533,36): error TS1382: Unexpected token. Did you mean `{'>'}` or `&gt;`?
App.tsx(1534,58): error TS1005: '}' expected.
App.tsx(1536,5): error TS1381: Unexpected token. Did you mean `{'}'}` or `&rbrace;`?
App.tsx(1540,97): error TS1382: Unexpected token. Did you mean `{'>'}` or `&gt;`?
App.tsx(1541,9): error TS1109: Expression expected.
App.tsx(1542,63): error TS1005: '}' expected.
App.tsx(1543,9): error TS1381: Unexpected token. Did you mean `{'}'}` or `&rbrace;`?
App.tsx(1546,5): error TS1381: Unexpected token. Did you mean `{'}'}` or `&rbrace;`?
App.tsx(1548,30): error TS1382: Unexpected token. Did you mean `{'>'}` or `&gt;`?
App.tsx(1549,9): error TS1109: Expression expected.
App.tsx(1550,13): error TS1109: Expression expected.
App.tsx(1563,21): error TS1109: Expression expected.
App.tsx(1571,17): error TS1381: Unexpected token. Did you mean `{'}'}` or `&rbrace;`?
App.tsx(1613,9): error TS1381: Unexpected token. Did you mean `{'}'}` or `&rbrace;`?
App.tsx(1614,5): error TS1381: Unexpected token. Did you mean `{'}'}` or `&rbrace;`?
App.tsx(1728,1): error TS1381: Unexpected token. Did you mean `{'}'}` or `&rbrace;`?
App.tsx(1730,17): error TS1382: Unexpected token. Did you mean `{'>'}` or `&gt;`?
App.tsx(1737,1): error TS1005: '</' expected.
